// Jest Snapshot v1, https://goo.gl/fbAQLP

exports[`Drawer should match snapshot 1`] = `
<DocumentFragment>
  <section
    class=""
  >
    <div
      class=""
      data-testid="dimmed-background"
    />
    <aside
      class="drawer  drawer-close-left drawer-temporary"
      data-testid="drawer"
    />
  </section>
</DocumentFragment>
`;
